{"level":"info","message":"Hello from Devops!","service":"devops-api"}
{"level":"info","message":"::1 - - [09/Aug/2026:05:17:08 +0000] \"GET / HTTP/1.1\" 304 - \"-\" \"Mozilla/5.0 (X11; Linux x86_64) AppleWebKit/537.36 (KHTML, like Gecko) Code/1.130.0 Chrome/148.0.7778.280 Electron/42.6.0 Safari/537.36\"","service":"devops-api"}
{"level":"info","message":"Hello from Devops!","service":"devops-api"}
{"level":"info","message":"::1 - - [09/Aug/2026:05:18:02 +0000] \"GET / HTTP/1.1\" 304 - \"-\" \"Mozilla/5.0 (X11; Linux x86_64) AppleWebKit/537.36 (KHTML, like Gecko) Code/1.130.0 Chrome/148.0.7778.280 Electron/42.6.0 Safari/537.36\"","service":"devops-api"}
{"level":"info","message":"Hello from Devops!","service":"devops-api"}
{"level":"info","message":"::1 - - [09/Aug/2026:05:29:05 +0000] \"GET / HTTP/1.1\" 200 18 \"-\" \"PostmanRuntime/7.49.1\"","service":"devops-api"}
{"level":"info","message":"::1 - - [09/Aug/2026:05:29:13 +0000] \"GET /api HTTP/1.1\" 200 36 \"-\" \"PostmanRuntime/7.49.1\"","service":"devops-api"}
{"level":"info","message":"::1 - - [09/Aug/2026:05:29:41 +0000] \"GET /health HTTP/1.1\" 200 76 \"-\" \"PostmanRuntime/7.49.1\"","service":"devops-api"}
{"level":"info","message":"::1 - - [09/Aug/2026:05:29:58 +0000] \"GET /api/auth/sign-in HTTP/1.1\" 404 27 \"-\" \"PostmanRuntime/7.49.1\"","service":"devops-api"}
{"level":"info","message":"::1 - - [09/Aug/2026:05:30:23 +0000] \"GET /api/auth/sign-in HTTP/1.1\" 404 27 \"-\" \"PostmanRuntime/7.49.1\"","service":"devops-api"}
{"level":"info","message":"::1 - - [09/Aug/2026:05:30:27 +0000] \"GET /api/auth/sign-up HTTP/1.1\" 404 27 \"-\" \"PostmanRuntime/7.49.1\"","service":"devops-api"}
{"level":"info","message":"::1 - - [09/Aug/2026:05:30:28 +0000] \"GET /api/auth/sign-up HTTP/1.1\" 404 27 \"-\" \"PostmanRuntime/7.49.1\"","service":"devops-api"}
{"level":"info","message":"::1 - - [09/Aug/2026:05:30:40 +0000] \"GET /api/auth/sign-up HTTP/1.1\" 404 27 \"-\" \"PostmanRuntime/7.49.1\"","service":"devops-api"}
{"level":"info","message":"::1 - - [09/Aug/2026:05:30:45 +0000] \"GET /api/auth/sign-in HTTP/1.1\" 404 27 \"-\" \"PostmanRuntime/7.49.1\"","service":"devops-api"}
{"level":"info","message":"::1 - - [09/Aug/2026:05:31:01 +0000] \"GET /api/auth/sign-in HTTP/1.1\" 404 27 \"-\" \"PostmanRuntime/7.49.1\"","service":"devops-api"}
{"level":"info","message":"::1 - - [09/Aug/2026:05:31:23 +0000] \"GET /api/auth/sign-in HTTP/1.1\" 404 27 \"-\" \"PostmanRuntime/7.49.1\"","service":"devops-api"}
{"level":"info","message":"::1 - - [09/Aug/2026:05:31:24 +0000] \"GET /api/auth/sign-in HTTP/1.1\" 404 27 \"-\" \"PostmanRuntime/7.49.1\"","service":"devops-api"}
{"level":"info","message":"::1 - - [09/Aug/2026:05:31:24 +0000] \"GET /api/auth/sign-in HTTP/1.1\" 404 27 \"-\" \"PostmanRuntime/7.49.1\"","service":"devops-api"}
{"level":"info","message":"::1 - - [09/Aug/2026:05:31:25 +0000] \"GET /api/auth/sign-in HTTP/1.1\" 404 27 \"-\" \"PostmanRuntime/7.49.1\"","service":"devops-api"}
{"level":"info","message":"::1 - - [09/Aug/2026:05:31:42 +0000] \"GET /api/auth/sign-in HTTP/1.1\" 404 27 \"-\" \"PostmanRuntime/7.49.1\"","service":"devops-api"}
{"level":"info","message":"::1 - - [09/Aug/2026:05:32:04 +0000] \"POST /api/auth/sign-in HTTP/1.1\" 200 31 \"-\" \"PostmanRuntime/7.49.1\"","service":"devops-api"}
{"level":"info","message":"::1 - - [09/Aug/2026:05:32:35 +0000] \"POST /api/auth/sign-up HTTP/1.1\" 200 31 \"-\" \"PostmanRuntime/7.49.1\"","service":"devops-api"}
{"level":"info","message":"::1 - - [09/Aug/2026:05:32:39 +0000] \"POST /api/auth/signout HTTP/1.1\" 404 27 \"-\" \"PostmanRuntime/7.49.1\"","service":"devops-api"}
{"level":"info","message":"::1 - - [09/Aug/2026:05:32:47 +0000] \"POST /api/auth/sign-out HTTP/1.1\" 200 31 \"-\" \"PostmanRuntime/7.49.1\"","service":"devops-api"}
{"level":"info","message":"Hello from Devops!","service":"devops-api"}
{"level":"info","message":"::1 - - [09/Aug/2026:05:45:54 +0000] \"GET / HTTP/1.1\" 304 - \"-\" \"Mozilla/5.0 (X11; Linux x86_64) AppleWebKit/537.36 (KHTML, like Gecko) Code/1.130.0 Chrome/148.0.7778.280 Electron/42.6.0 Safari/537.36\"","service":"devops-api"}
{"level":"info","message":"::1 - - [09/Aug/2026:05:49:55 +0000] \"POST /api/auth/sign-up HTTP/1.1\" 400 91 \"-\" \"PostmanRuntime/7.49.1\"","service":"devops-api"}
{"level":"error","message":"Error creating the user: Error: Failed query: select \"id\", \"name\", \"email\", \"password\", \"role\", \"created_at\", \"updated_at\" from \"users\" where \"users\".\"email\" = $1 limit $2\nparams: mohamed@gmail.com,1","service":"devops-api"}
{"cause":{"name":"NeonDbError","sourceError":{}},"level":"error","message":"Signup error Failed query: select \"id\", \"name\", \"email\", \"password\", \"role\", \"created_at\", \"updated_at\" from \"users\" where \"users\".\"email\" = $1 limit $2\nparams: mohamed@gmail.com,1","params":["mohamed@gmail.com",1],"query":"select \"id\", \"name\", \"email\", \"password\", \"role\", \"created_at\", \"updated_at\" from \"users\" where \"users\".\"email\" = $1 limit $2","service":"devops-api","stack":"Error: Failed query: select \"id\", \"name\", \"email\", \"password\", \"role\", \"created_at\", \"updated_at\" from \"users\" where \"users\".\"email\" = $1 limit $2\nparams: mohamed@gmail.com,1\n    at NeonHttpPreparedQuery.queryWithCache (file:///home/noui/devops/devops/node_modules/drizzle-orm/pg-core/session.js:41:15)\n    at process.processTicksAndRejections (node:internal/process/task_queues:104:5)\n    at async NeonHttpPreparedQuery.execute (file:///home/noui/devops/devops/node_modules/drizzle-orm/neon-http/session.js:45:20)\n    at async createUser (file:///home/noui/devops/devops/src/services/auth.service.js:25:26)\n    at async signup (file:///home/noui/devops/devops/src/controllers/auth.controller.js:21:18)"}
{"level":"info","message":"::1 - - [09/Aug/2026:05:50:10 +0000] \"POST /api/auth/sign-up HTTP/1.1\" 500 997 \"-\" \"PostmanRuntime/7.49.1\"","service":"devops-api"}
{"level":"error","message":"Error creating the user: Error: Failed query: select \"id\", \"name\", \"email\", \"password\", \"role\", \"created_at\", \"updated_at\" from \"users\" where \"users\".\"email\" = $1 limit $2\nparams: mohamed@gmail.com,1","service":"devops-api"}
{"cause":{"name":"NeonDbError","sourceError":{}},"level":"error","message":"Signup error Failed query: select \"id\", \"name\", \"email\", \"password\", \"role\", \"created_at\", \"updated_at\" from \"users\" where \"users\".\"email\" = $1 limit $2\nparams: mohamed@gmail.com,1","params":["mohamed@gmail.com",1],"query":"select \"id\", \"name\", \"email\", \"password\", \"role\", \"created_at\", \"updated_at\" from \"users\" where \"users\".\"email\" = $1 limit $2","service":"devops-api","stack":"Error: Failed query: select \"id\", \"name\", \"email\", \"password\", \"role\", \"created_at\", \"updated_at\" from \"users\" where \"users\".\"email\" = $1 limit $2\nparams: mohamed@gmail.com,1\n    at NeonHttpPreparedQuery.queryWithCache (file:///home/noui/devops/devops/node_modules/drizzle-orm/pg-core/session.js:41:15)\n    at process.processTicksAndRejections (node:internal/process/task_queues:104:5)\n    at async NeonHttpPreparedQuery.execute (file:///home/noui/devops/devops/node_modules/drizzle-orm/neon-http/session.js:45:20)\n    at async createUser (file:///home/noui/devops/devops/src/services/auth.service.js:25:26)\n    at async signup (file:///home/noui/devops/devops/src/controllers/auth.controller.js:21:18)"}
{"level":"info","message":"::1 - - [09/Aug/2026:06:04:18 +0000] \"POST /api/auth/sign-up HTTP/1.1\" 500 997 \"-\" \"PostmanRuntime/7.49.1\"","service":"devops-api"}
{"level":"info","message":"::1 - - [09/Aug/2026:06:35:41 +0000] \"POST / HTTP/1.1\" 404 27 \"-\" \"PostmanRuntime/7.49.1\"","service":"devops-api"}
{"level":"info","message":"::1 - - [09/Aug/2026:06:35:42 +0000] \"POST / HTTP/1.1\" 404 27 \"-\" \"PostmanRuntime/7.49.1\"","service":"devops-api"}
{"level":"info","message":"::1 - - [09/Aug/2026:06:35:44 +0000] \"POST / HTTP/1.1\" 404 27 \"-\" \"PostmanRuntime/7.49.1\"","service":"devops-api"}
{"level":"info","message":"::1 - - [09/Aug/2026:06:35:45 +0000] \"POST / HTTP/1.1\" 404 27 \"-\" \"PostmanRuntime/7.49.1\"","service":"devops-api"}
{"level":"info","message":"Hello from Devops!","service":"devops-api"}
{"level":"info","message":"::1 - - [09/Aug/2026:06:35:48 +0000] \"GET / HTTP/1.1\" 200 18 \"-\" \"PostmanRuntime/7.49.1\"","service":"devops-api"}
{"level":"info","message":"Hello from Devops!","service":"devops-api"}
{"level":"info","message":"::1 - - [09/Aug/2026:06:35:49 +0000] \"GET / HTTP/1.1\" 200 18 \"-\" \"PostmanRuntime/7.49.1\"","service":"devops-api"}
